// Jest Snapshot v1, https://goo.gl/fbAQLP

exports[`Login component renders as expected 1`] = `
<div>
  <div
    style={
      Object {
        "height": "100vh",
      }
    }
  >
    <div
      style={
        Object {
          "margin": "24px 16px 0",
        }
      }
    >
      <div
        style={
          Object {
            "background": "#fff",
            "minHeight": 360,
            "padding": 24,
          }
        }
      >
        <div
          className="ant-row login-form"
          style={undefined}
        >
          <div
            className="ant-col-xs-18 ant-col-xs-offset-3 ant-col-md-6 ant-col-md-offset-8"
          >
            <div
              className="login-icon"
            >
              <i
                className="anticon anticon-user"
                style={
                  Object {
                    "fontSize": "142px",
                  }
                }
              />
            </div>
          </div>
        </div>
        <div
          className="ant-row login-form"
          style={undefined}
        >
          <div
            className="ant-col-xs-18 ant-col-xs-offset-3 ant-col-md-6 ant-col-md-offset-8"
          >
            <form
              className="ant-form ant-form-horizontal login-form"
              onSubmit={[Function]}
            >
              <div
                className="ant-row ant-form-item"
                style={undefined}
              >
                <div
                  className="ant-form-item-control-wrapper"
                >
                  <div
                    className="ant-form-item-control "
                  >
                    <span
                      className="ant-input-affix-wrapper"
                      style={undefined}
                    >
                      <span
                        className="ant-input-prefix"
                      >
                        <i
                          className="anticon anticon-user"
                          style={
                            Object {
                              "fontSize": 13,
                            }
                          }
                        />
                      </span>
                      <input
                        className="ant-input ant-input-lg"
                        data-__meta={
                          Object {
                            "leadingName": "eMail",
                            "name": "eMail",
                            "originalProps": Object {
                              "disabled": false,
                              "placeholder": "Email",
                              "prefix": <Icon
                                style={
                                      Object {
                                            "fontSize": 13,
                                          }
                                }
                                type="user"
                          />,
                              "prefixCls": "ant-input",
                              "type": "text",
                            },
                            "ref": null,
                            "rules": Array [
                              Object {
                                "message": "Please input your email!",
                                "required": true,
                              },
                            ],
                            "trigger": "onChange",
                            "validate": Array [
                              Object {
                                "rules": Array [
                                  Object {
                                    "message": "Please input your email!",
                                    "required": true,
                                  },
                                ],
                                "trigger": Array [
                                  "onChange",
                                ],
                              },
                            ],
                            "valuePropName": "value",
                          }
                        }
                        disabled={false}
                        id="eMail"
                        onChange={[Function]}
                        onKeyDown={[Function]}
                        placeholder="Email"
                        size="large"
                        style={null}
                        type="text"
                        value=""
                      />
                    </span>
                  </div>
                </div>
              </div>
              <div
                className="ant-row ant-form-item"
                style={undefined}
              >
                <div
                  className="ant-form-item-control-wrapper"
                >
                  <div
                    className="ant-form-item-control "
                  >
                    <span
                      className="ant-input-affix-wrapper"
                      style={undefined}
                    >
                      <span
                        className="ant-input-prefix"
                      >
                        <i
                          className="anticon anticon-lock"
                          style={
                            Object {
                              "fontSize": 13,
                            }
                          }
                        />
                      </span>
                      <input
                        className="ant-input ant-input-lg"
                        data-__meta={
                          Object {
                            "leadingName": "password",
                            "name": "password",
                            "originalProps": Object {
                              "disabled": false,
                              "placeholder": "Password",
                              "prefix": <Icon
                                style={
                                      Object {
                                            "fontSize": 13,
                                          }
                                }
                                type="lock"
                          />,
                              "prefixCls": "ant-input",
                              "type": "password",
                            },
                            "ref": null,
                            "rules": Array [
                              Object {
                                "message": "Please input your Password!",
                                "required": true,
                              },
                            ],
                            "trigger": "onChange",
                            "validate": Array [
                              Object {
                                "rules": Array [
                                  Object {
                                    "message": "Please input your Password!",
                                    "required": true,
                                  },
                                ],
                                "trigger": Array [
                                  "onChange",
                                ],
                              },
                            ],
                            "valuePropName": "value",
                          }
                        }
                        disabled={false}
                        id="password"
                        onChange={[Function]}
                        onKeyDown={[Function]}
                        placeholder="Password"
                        size="large"
                        style={null}
                        type="password"
                        value=""
                      />
                    </span>
                  </div>
                </div>
              </div>
              <div
                className="ant-row ant-form-item"
                style={undefined}
              >
                <div
                  className="ant-form-item-control-wrapper"
                >
                  <div
                    className="ant-form-item-control "
                  >
                    <button
                      className="ant-btn login-form-button ant-btn-primary ant-btn-lg"
                      disabled={false}
                      onClick={[Function]}
                      type="submit"
                    >
                      <span>
                        Log in
                      </span>
                    </button>
                  </div>
                </div>
              </div>
            </form>
          </div>
          <div
            className="ant-col-xs-18 ant-col-xs-offset-3 ant-col-md-6 ant-col-md-offset-8"
          >
            <button
              className="ant-btn ant-btn-default"
              onClick={[Function]}
              type="button"
            >
              <i
                className="anticon anticon-home"
              />
              <span>
                back to Home
              </span>
            </button>
          </div>
        </div>
      </div>
    </div>
  </div>
</div>
`;
