// Jest Snapshot v1, https://goo.gl/fbAQLP

exports[`Home page renders as expected 1`] = `
<div>
  <section
    className="content view-enter"
  >
    <div>
      <h1>
        ReactJS 16 + Redux + Ant Design
      </h1>
      <h2>
        with Hot Reload!!!
      </h2>
      <h2>
        and React Router v4
      </h2>
      <h2>
        and webpack 4.x
      </h2>
      <h1>
        Starter
      </h1>
      <p>
        <button>
          mocked button
        </button>
      </p>
    </div>
  </section>
</div>
`;
